$ react-router build
[36mvite v7.3.1 [32mbuilding client environment for production...[36m[39m
transforming...
app/components/navigation/app-sidebar.tsx (1:0): Error when using sourcemap for reporting an error: Can't resolve original location of error.
app/components/ui/separator.tsx (1:0): Error when using sourcemap for reporting an error: Can't resolve original location of error.
app/components/navigation/nav-user.tsx (1:0): Error when using sourcemap for reporting an error: Can't resolve original location of error.
app/components/ui/scroll-area.tsx (1:0): Error when using sourcemap for reporting an error: Can't resolve original location of error.
app/components/ui/dropdown-menu.tsx (1:0): Error when using sourcemap for reporting an error: Can't resolve original location of error.
app/components/ui/tabs.tsx (1:0): Error when using sourcemap for reporting an error: Can't resolve original location of error.
app/components/ui/field.tsx (1:0): Error when using sourcemap for reporting an error: Can't resolve original location of error.
[32mΓ£ô[39m 3178 modules transformed.
Γ£ù Build failed in 2m 1s
app/routes/protected/pharmacy/Dispense.tsx (1:9): "Loader" is not exported by "app/components/global/Loader.tsx", imported by "app/routes/protected/pharmacy/Dispense.tsx".
file: C:/Users/PEP_Admin/openclaw-projects/realtime-hospital-Management/ai-powered-realtime-hospital-management-system/frontend/app/routes/protected/pharmacy/Dispense.tsx:1:9

1: import { Loader } from "@/components/global/Loader";
            ^
2: import { authClient } from "@/lib/auth-client";
3: import { useNavigate } from "react-router";

    at getRollupError (file:///C:/Users/PEP_Admin/openclaw-projects/realtime-hospital-Management/ai-powered-realtime-hospital-management-system/frontend/node_modules/rollup/dist/es/shared/parseAst.js:402:41)
    at error (file:///C:/Users/PEP_Admin/openclaw-projects/realtime-hospital-Management/ai-powered-realtime-hospital-management-system/frontend/node_modules/rollup/dist/es/shared/parseAst.js:398:42)
    at Module.error (file:///C:/Users/PEP_Admin/openclaw-projects/realtime-hospital-Management/ai-powered-realtime-hospital-management-system/frontend/node_modules/rollup/dist/es/shared/node-entry.js:17040:16)
    at Module.traceVariable (file:///C:/Users/PEP_Admin/openclaw-projects/realtime-hospital-Management/ai-powered-realtime-hospital-management-system/frontend/node_modules/rollup/dist/es/shared/node-entry.js:17452:29)
    at ModuleScope.findVariable (file:///C:/Users/PEP_Admin/openclaw-projects/realtime-hospital-Management/ai-powered-realtime-hospital-management-system/frontend/node_modules/rollup/dist/es/shared/node-entry.js:15070:39)
    at ChildScope.findVariable (file:///C:/Users/PEP_Admin/openclaw-projects/realtime-hospital-Management/ai-powered-realtime-hospital-management-system/frontend/node_modules/rollup/dist/es/shared/node-entry.js:5673:38)
    at FunctionScope.findVariable (file:///C:/Users/PEP_Admin/openclaw-projects/realtime-hospital-Management/ai-powered-realtime-hospital-management-system/frontend/node_modules/rollup/dist/es/shared/node-entry.js:5673:38)
    at FunctionBodyScope.findVariable (file:///C:/Users/PEP_Admin/openclaw-projects/realtime-hospital-Management/ai-powered-realtime-hospital-management-system/frontend/node_modules/rollup/dist/es/shared/node-entry.js:5673:38)
    at TrackingScope.findVariable (file:///C:/Users/PEP_Admin/openclaw-projects/realtime-hospital-Management/ai-powered-realtime-hospital-management-system/frontend/node_modules/rollup/dist/es/shared/node-entry.js:5673:38)
    at BlockScope.findVariable (file:///C:/Users/PEP_Admin/openclaw-projects/realtime-hospital-Management/ai-powered-realtime-hospital-management-system/frontend/node_modules/rollup/dist/es/shared/node-entry.js:5673:38) {
  binding: 'Loader',
  code: 'MISSING_EXPORT',
  exporter: 'C:/Users/PEP_Admin/openclaw-projects/realtime-hospital-Management/ai-powered-realtime-hospital-management-system/frontend/app/components/global/Loader.tsx',
  id: 'C:/Users/PEP_Admin/openclaw-projects/realtime-hospital-Management/ai-powered-realtime-hospital-management-system/frontend/app/routes/protected/pharmacy/Dispense.tsx',
  url: 'https://rollupjs.org/troubleshooting/#error-name-is-not-exported-by-module',
  pos: 144,
  loc: {
    column: 9,
    file: 'C:/Users/PEP_Admin/openclaw-projects/realtime-hospital-Management/ai-powered-realtime-hospital-management-system/frontend/app/routes/protected/pharmacy/Dispense.tsx',
    line: 1
  },
  frame: '1: import { Loader } from "@/components/global/Loader";\n' +
    '            ^\n' +
    '2: import { authClient } from "@/lib/auth-client";\n' +
    '3: import { useNavigate } from "react-router";',
  watchFiles: [
    'C:\\Users\\PEP_Admin\\openclaw-projects\\realtime-hospital-Management\\ai-powered-realtime-hospital-management-system\\frontend\\package.json',
    'C:/Users/PEP_Admin/openclaw-projects/realtime-hospital-Management/ai-powered-realtime-hospital-management-system/frontend/node_modules/@react-router/dev/dist/config/defaults/entry.client.tsx',
    'C:/Users/PEP_Admin/openclaw-projects/realtime-hospital-Management/ai-powered-realtime-hospital-management-system/frontend/app/root.tsx',
    'C:/Users/PEP_Admin/openclaw-projects/realtime-hospital-Management/ai-powered-realtime-hospital-management-system/frontend/app/routes/home.tsx',
    'C:/Users/PEP_Admin/openclaw-projects/realtime-hospital-Management/ai-powered-realtime-hospital-management-system/frontend/app/routes/protected/layout.tsx',
    'C:/Users/PEP_Admin/openclaw-projects/realtime-hospital-Management/ai-powered-realtime-hospital-management-system/frontend/app/routes/Login.tsx',
    'C:/Users/PEP_Admin/openclaw-projects/realtime-hospital-Management/ai-powered-realtime-hospital-management-system/frontend/app/routes/protected/Admins.tsx',
    'C:/Users/PEP_Admin/openclaw-projects/realtime-hospital-Management/ai-powered-realtime-hospital-management-system/frontend/app/routes/protected/Dashboard.tsx',
    'C:/Users/PEP_Admin/openclaw-projects/realtime-hospital-Management/ai-powered-realtime-hospital-management-system/frontend/app/routes/protected/Doctors.tsx',
    'C:/Users/PEP_Admin/openclaw-projects/realtime-hospital-Management/ai-powered-realtime-hospital-management-system/frontend/app/routes/protected/ActivitiesLog.tsx',
    'C:/Users/PEP_Admin/openclaw-projects/realtime-hospital-Management/ai-powered-realtime-hospital-management-system/frontend/app/routes/protected/Patients.tsx',
    'C:/Users/PEP_Admin/openclaw-projects/realtime-hospital-Management/ai-powered-realtime-hospital-management-system/frontend/app/routes/protected/Nurses.tsx',
    'C:/Users/PEP_Admin/openclaw-projects/realtime-hospital-Management/ai-powered-realtime-hospital-management-system/frontend/app/routes/protected/pharmacy/Inventory.tsx',
    'C:/Users/PEP_Admin/openclaw-projects/realtime-hospital-Management/ai-powered-realtime-hospital-management-system/frontend/app/routes/protected/pharmacy/Dispense.tsx',
    'C:/Users/PEP_Admin/openclaw-projects/realtime-hospital-Management/ai-powered-realtime-hospital-management-system/frontend/app/routes/protected/FinancialHistory.tsx',
    'C:/Users/PEP_Admin/openclaw-projects/realtime-hospital-Management/ai-powered-realtime-hospital-management-system/frontend/app/routes/protected/Profile.tsx',
    'C:/Users/PEP_Admin/openclaw-projects/realtime-hospital-Management/ai-powered-realtime-hospital-management-system/frontend/app/routes/protected/pharmacy/Prescriptions.tsx',
    'C:/Users/PEP_Admin/openclaw-projects/realtime-hospital-Management/ai-powered-realtime-hospital-management-system/frontend/app/routes/protected/lab/TestRequests.tsx',
    'C:/Users/PEP_Admin/openclaw-projects/realtime-hospital-Management/ai-powered-realtime-hospital-management-system/frontend/app/routes/protected/lab/ResultsEntry.tsx',
    'C:/Users/PEP_Admin/openclaw-projects/realtime-hospital-Management/ai-powered-realtime-hospital-management-system/frontend/app/routes/protected/Appointments.tsx',
    'C:/Users/PEP_Admin/openclaw-projects/realtime-hospital-Management/ai-powered-realtime-hospital-management-system/frontend/app/routes/protected/Telemedicine.tsx',
    'C:/Users/PEP_Admin/openclaw-projects/realtime-hospital-Management/ai-powered-realtime-hospital-management-system/frontend/app/routes/protected/Settings/Roles.tsx',
    'C:/Users/PEP_Admin/openclaw-projects/realtime-hospital-Management/ai-powered-realtime-hospital-management-system/frontend/app/routes/protected/Settings/General.tsx',
    'C:/Users/PEP_Admin/openclaw-projects/realtime-hospital-Management/ai-powered-realtime-hospital-management-system/frontend/app/routes/protected/Settings/Billing.tsx',
    'C:/Users/PEP_Admin/openclaw-projects/realtime-hospital-Management/ai-powered-realtime-hospital-management-system/frontend/app/routes/protected/Support.tsx',
    'C:/Users/PEP_Admin/openclaw-projects/realtime-hospital-Management/ai-powered-realtime-hospital-management-system/frontend/app/routes/protected/Feedback.tsx',
    'C:/Users/PEP_Admin/openclaw-projects/realtime-hospital-Management/ai-powered-realtime-hospital-management-system/frontend/app/routes/NotFound.tsx',
    'C:/Users/PEP_Admin/openclaw-projects/realtime-hospital-Management/ai-powered-realtime-hospital-management-system/frontend/node_modules/react/index.js',
    'C:/Users/PEP_Admin/openclaw-projects/realtime-hospital-Management/ai-powered-realtime-hospital-management-system/frontend/node_modules/react/jsx-runtime.js',
    'C:/Users/PEP_Admin/openclaw-projects/realtime-hospital-Management/ai-powered-realtime-hospital-management-system/frontend/node_modules/react-dom/client.js',
    'C:/Users/PEP_Admin/openclaw-projects/realtime-hospital-Management/ai-powered-realtime-hospital-management-system/frontend/node_modules/react-router/dist/development/dom-export.mjs',
    'C:/Users/PEP_Admin/openclaw-projects/realtime-hospital-Management/ai-powered-realtime-hospital-management-system/frontend/node_modules/react/cjs/react.production.js',
    'C:/Users/PEP_Admin/openclaw-projects/realtime-hospital-Management/ai-powered-realtime-hospital-management-system/frontend/node_modules/react/cjs/react-jsx-runtime.production.js',
    'C:/Users/PEP_Admin/openclaw-projects/realtime-hospital-Management/ai-powered-realtime-hospital-management-system/frontend/app/components/ui/button.tsx',
    'C:/Users/PEP_Admin/openclaw-projects/realtime-hospital-Management/ai-powered-realtime-hospital-management-system/frontend/node_modules/react-dom/index.js',
    'C:/Users/PEP_Admin/openclaw-projects/realtime-hospital-Management/ai-powered-realtime-hospital-management-system/frontend/node_modules/react-router/dist/development/chunk-FNSCYPCZ.mjs',
    'C:/Users/PEP_Admin/openclaw-projects/realtime-hospital-Management/ai-powered-realtime-hospital-management-system/frontend/node_modules/react-router/dist/development/chunk-EPOLDU6W.mjs',
    'C:/Users/PEP_Admin/openclaw-projects/realtime-hospital-Management/ai-powered-realtime-hospital-management-system/frontend/node_modules/react-dom/cjs/react-dom-client.production.js',
    'C:/Users/PEP_Admin/openclaw-projects/realtime-hospital-Management/ai-powered-realtime-hospital-management-system/frontend/node_modules/scheduler/index.js',
    'C:/Users/PEP_Admin/openclaw-projects/realtime-hospital-Management/ai-powered-realtime-hospital-management-system/frontend/node_modules/react-dom/cjs/react-dom.production.js',
    'C:/Users/PEP_Admin/openclaw-projects/realtime-hospital-Management/ai-powered-realtime-hospital-management-system/frontend/app/lib/utils.ts',
    'C:/Users/PEP_Admin/openclaw-projects/realtime-hospital-Management/ai-powered-realtime-hospital-management-system/frontend/app/lib/auth-client.ts',
    'C:/Users/PEP_Admin/openclaw-projects/realtime-hospital-Management/ai-powered-realtime-hospital-management-system/frontend/app/components/global/Loader.tsx',
    'C:/Users/PEP_Admin/openclaw-projects/realtime-hospital-Management/ai-powered-realtime-hospital-management-system/frontend/app/components/ui/card.tsx',
    'C:/Users/PEP_Admin/openclaw-projects/realtime-hospital-Management/ai-powered-realtime-hospital-management-system/frontend/app/components/users/UserManagement.tsx',
    'C:/Users/PEP_Admin/openclaw-projects/realtime-hospital-Management/ai-powered-realtime-hospital-management-system/frontend/app/lib/api.ts',
    'C:/Users/PEP_Admin/openclaw-projects/realtime-hospital-Management/ai-powered-realtime-hospital-management-system/frontend/app/components/ui/avatar.tsx',
    'C:/Users/PEP_Admin/openclaw-projects/realtime-hospital-Management/ai-powered-realtime-hospital-management-system/frontend/app/components/users/statusBadge.tsx',
    'C:/Users/PEP_Admin/openclaw-projects/realtime-hospital-Management/ai-powered-realtime-hospital-management-system/frontend/app/components/ui/badge.tsx',
    'C:/Users/PEP_Admin/openclaw-projects/realtime-hospital-Management/ai-powered-realtime-hospital-management-system/frontend/app/components/navigation/nav-config.ts',
    'C:/Users/PEP_Admin/openclaw-projects/realtime-hospital-Management/ai-powered-realtime-hospital-management-system/frontend/app/components/navigation/app-sidebar.tsx',
    'C:/Users/PEP_Admin/openclaw-projects/realtime-hospital-Management/ai-powered-realtime-hospital-management-system/frontend/app/components/ui/sidebar.tsx',
    'C:/Users/PEP_Admin/openclaw-projects/realtime-hospital-Management/ai-powered-realtime-hospital-management-system/frontend/app/components/navigation/Header.tsx',
    'C:/Users/PEP_Admin/openclaw-projects/realtime-hospital-Management/ai-powered-realtime-hospital-management-system/frontend/node_modules/react-router/dist/development/index.mjs',
    'C:/Users/PEP_Admin/openclaw-projects/realtime-hospital-Management/ai-powered-realtime-hospital-management-system/frontend/node_modules/lucide-react/dist/esm/lucide-react.js',
    'C:/Users/PEP_Admin/openclaw-projects/realtime-hospital-Management/ai-powered-realtime-hospital-management-system/frontend/node_modules/sonner/dist/index.mjs',
    'C:/Users/PEP_Admin/openclaw-projects/realtime-hospital-Management/ai-powered-realtime-hospital-management-system/frontend/node_modules/@tanstack/react-query/build/modern/index.js',
    'C:/Users/PEP_Admin/openclaw-projects/realtime-hospital-Management/ai-powered-realtime-hospital-management-system/frontend/node_modules/class-variance-authority/dist/index.mjs',
    'C:/Users/PEP_Admin/openclaw-projects/realtime-hospital-Management/ai-powered-realtime-hospital-management-system/frontend/node_modules/radix-ui/dist/index.mjs',
    'C:/Users/PEP_Admin/openclaw-projects/realtime-hospital-Management/ai-powered-realtime-hospital-management-system/frontend/node_modules/@tanstack/react-query/build/modern/useQueries.js',
    'C:/Users/PEP_Admin/openclaw-projects/realtime-hospital-Management/ai-powered-realtime-hospital-management-system/frontend/node_modules/@tanstack/react-query/build/modern/types.js',
    'C:/Users/PEP_Admin/openclaw-projects/realtime-hospital-Management/ai-powered-realtime-hospital-management-system/frontend/node_modules/@tanstack/react-query/build/modern/useQuery.js',
    'C:/Users/PEP_Admin/openclaw-projects/realtime-hospital-Management/ai-powered-realtime-hospital-management-system/frontend/node_modules/@tanstack/react-query/build/modern/useSuspenseQuery.js',
    'C:/Users/PEP_Admin/openclaw-projects/realtime-hospital-Management/ai-powered-realtime-hospital-management-system/frontend/node_modules/@tanstack/react-query/build/modern/useSuspenseInfiniteQuery.js',
    'C:/Users/PEP_Admin/openclaw-projects/realtime-hospital-Management/ai-powered-realtime-hospital-management-system/frontend/node_modules/@tanstack/react-query/build/modern/usePrefetchQuery.js',
    'C:/Users/PEP_Admin/openclaw-projects/realtime-hospital-Management/ai-powered-realtime-hospital-management-system/frontend/node_modules/@tanstack/react-query/build/modern/usePrefetchInfiniteQuery.js',
    'C:/Users/PEP_Admin/openclaw-projects/realtime-hospital-Management/ai-powered-realtime-hospital-management-system/frontend/node_modules/@tanstack/react-query/build/modern/queryOptions.js',
    'C:/Users/PEP_Admin/openclaw-projects/realtime-hospital-Management/ai-powered-realtime-hospital-management-system/frontend/node_modules/@tanstack/react-query/build/modern/HydrationBoundary.js',
    'C:/Users/PEP_Admin/openclaw-projects/realtime-hospital-Management/ai-powered-realtime-hospital-management-system/frontend/node_modules/@tanstack/react-query/build/modern/infiniteQueryOptions.js',
    'C:/Users/PEP_Admin/openclaw-projects/realtime-hospital-Management/ai-powered-realtime-hospital-management-system/frontend/node_modules/@tanstack/react-query/build/modern/QueryClientProvider.js',
    'C:/Users/PEP_Admin/openclaw-projects/realtime-hospital-Management/ai-powered-realtime-hospital-management-system/frontend/node_modules/@tanstack/react-query/build/modern/useSuspenseQueries.js',
    'C:/Users/PEP_Admin/openclaw-projects/realtime-hospital-Management/ai-powered-realtime-hospital-management-system/frontend/node_modules/@tanstack/react-query/build/modern/useMutationState.js',
    'C:/Users/PEP_Admin/openclaw-projects/realtime-hospital-Management/ai-powered-realtime-hospital-management-system/frontend/node_modules/@tanstack/react-query/build/modern/QueryErrorResetBoundary.js',
    'C:/Users/PEP_Admin/openclaw-projects/realtime-hospital-Management/ai-powered-realtime-hospital-management-system/frontend/node_modules/@tanstack/react-query/build/modern/useInfiniteQuery.js',
    'C:/Users/PEP_Admin/openclaw-projects/realtime-hospital-Management/ai-powered-realtime-hospital-management-system/frontend/node_modules/@tanstack/react-query/build/modern/IsRestoringProvider.js',
    'C:/Users/PEP_Admin/openclaw-projects/realtime-hospital-Management/ai-powered-realtime-hospital-management-system/frontend/node_modules/@tanstack/react-query/build/modern/useIsFetching.js',
    'C:/Users/PEP_Admin/openclaw-projects/realtime-hospital-Management/ai-powered-realtime-hospital-management-system/frontend/node_modules/@tanstack/react-query/build/modern/mutationOptions.js',
    'C:/Users/PEP_Admin/openclaw-projects/realtime-hospital-Management/ai-powered-realtime-hospital-management-system/frontend/node_modules/@tanstack/query-core/build/modern/index.js',
    'C:/Users/PEP_Admin/openclaw-projects/realtime-hospital-Management/ai-powered-realtime-hospital-management-system/frontend/node_modules/clsx/dist/clsx.mjs',
    'C:/Users/PEP_Admin/openclaw-projects/realtime-hospital-Management/ai-powered-realtime-hospital-management-system/frontend/node_modules/@tanstack/react-query/build/modern/useMutation.js',
    'C:/Users/PEP_Admin/openclaw-projects/realtime-hospital-Management/ai-powered-realtime-hospital-management-system/frontend/node_modules/lucide-react/dist/esm/icons/index.js',
    'C:/Users/PEP_Admin/openclaw-projects/realtime-hospital-Management/ai-powered-realtime-hospital-management-system/frontend/node_modules/lucide-react/dist/esm/icons/fingerprint-pattern.js',
    'C:/Users/PEP_Admin/openclaw-projects/realtime-hospital-Management/ai-powered-realtime-hospital-management-system/frontend/node_modules/lucide-react/dist/esm/icons/arrow-down-wide-narrow.js',
    'C:/Users/PEP_Admin/openclaw-projects/realtime-hospital-Management/ai-powered-realtime-hospital-management-system/frontend/node_modules/lucide-react/dist/esm/icons/arrow-down-z-a.js',
    'C:/Users/PEP_Admin/openclaw-projects/realtime-hospital-Management/ai-powered-realtime-hospital-management-system/frontend/node_modules/lucide-react/dist/esm/icons/alarm-clock-check.js',
    'C:/Users/PEP_Admin/openclaw-projects/realtime-hospital-Management/ai-powered-realtime-hospital-management-system/frontend/node_modules/lucide-react/dist/esm/icons/arrow-up-narrow-wide.js',
    'C:/Users/PEP_Admin/openclaw-projects/realtime-hospital-Management/ai-powered-realtime-hospital-management-system/frontend/node_modules/lucide-react/dist/esm/icons/arrow-down-a-z.js',
    'C:/Users/PEP_Admin/openclaw-projects/realtime-hospital-Management/ai-powered-realtime-hospital-management-system/frontend/node_modules/lucide-react/dist/esm/icons/arrow-up-a-z.js',
    'C:/Users/PEP_Admin/openclaw-projects/realtime-hospital-Management/ai-powered-realtime-hospital-management-system/frontend/node_modules/lucide-react/dist/esm/icons/badge-check.js',
    'C:/Users/PEP_Admin/openclaw-projects/realtime-hospital-Management/ai-powered-realtime-hospital-management-system/frontend/node_modules/lucide-react/dist/esm/icons/arrow-up-z-a.js',
    'C:/Users/PEP_Admin/openclaw-projects/realtime-hospital-Management/ai-powered-realtime-hospital-management-system/frontend/node_modules/lucide-react/dist/esm/icons/alarm-clock-minus.js',
    'C:/Users/PEP_Admin/openclaw-projects/realtime-hospital-Management/ai-powered-realtime-hospital-management-system/frontend/node_modules/lucide-react/dist/esm/icons/badge-question-mark.js',
    'C:/Users/PEP_Admin/openclaw-projects/realtime-hospital-Management/ai-powered-realtime-hospital-management-system/frontend/node_modules/lucide-react/dist/esm/icons/between-horizontal-start.js',
    'C:/Users/PEP_Admin/openclaw-projects/realtime-hospital-Management/ai-powered-realtime-hospital-management-system/frontend/node_modules/lucide-react/dist/esm/icons/captions.js',
    'C:/Users/PEP_Admin/openclaw-projects/realtime-hospital-Management/ai-powered-realtime-hospital-management-system/frontend/node_modules/lucide-react/dist/esm/icons/axis-3d.js',
    'C:/Users/PEP_Admin/openclaw-projects/realtime-hospital-Management/ai-powered-realtime-hospital-management-system/frontend/node_modules/lucide-react/dist/esm/icons/chart-bar-big.js',
    'C:/Users/PEP_Admin/openclaw-projects/realtime-hospital-Management/ai-powered-realtime-hospital-management-system/frontend/node_modules/lucide-react/dist/esm/icons/chart-candlestick.js',
    'C:/Users/PEP_Admin/openclaw-projects/realtime-hospital-Management/ai-powered-realtime-hospital-management-system/frontend/node_modules/lucide-react/dist/esm/icons/between-horizontal-end.js',
    'C:/Users/PEP_Admin/openclaw-projects/realtime-hospital-Management/ai-powered-realtime-hospital-management-system/frontend/node_modules/lucide-react/dist/esm/icons/chart-area.js',
    'C:/Users/PEP_Admin/openclaw-projects/realtime-hospital-Management/ai-powered-realtime-hospital-management-system/frontend/node_modules/lucide-react/dist/esm/icons/alarm-clock-plus.js',
    ... 3100 more items
  ],
  Symbol(augmented): true
}
error: script "build" exited with code 1
